Analysis & Synthesis report for MobilityMSI
Wed Mar  4 22:20:08 2015
Quartus II 64-Bit Version 14.0.0 Build 200 06/17/2014 SJ Web Edition


---------------------
; Table of Contents ;
---------------------
  1. Legal Notice
  2. Analysis & Synthesis Summary
  3. Analysis & Synthesis Settings
  4. Parallel Compilation
  5. Analysis & Synthesis Source Files Read
  6. Analysis & Synthesis Resource Usage Summary
  7. Analysis & Synthesis Resource Utilization by Entity
  8. Registers Removed During Synthesis
  9. Removed Registers Triggering Further Register Optimizations
 10. General Register Statistics
 11. Inverted Register Statistics
 12. Multiplexer Restructuring Statistics (Restructuring Performed)
 13. Parameter Settings for User Entity Instance: Top-level Entity: |MobilityMSI
 14. Parameter Settings for User Entity Instance: uart_controller:UART0
 15. Parameter Settings for User Entity Instance: uart_controller:UART0|uart:UART0
 16. Parameter Settings for User Entity Instance: i2c_slave_controller:I2CSlave
 17. Parameter Settings for User Entity Instance: ultrasonic_controller:UltrasonicController
 18. Parameter Settings for User Entity Instance: ultrasonic_controller:UltrasonicController|ultrasonic_sensor:US_0
 19. Parameter Settings for User Entity Instance: ultrasonic_controller:UltrasonicController|ultrasonic_sensor:US_1
 20. Parameter Settings for User Entity Instance: ultrasonic_controller:UltrasonicController|ultrasonic_sensor:US_2
 21. Parameter Settings for User Entity Instance: ultrasonic_controller:UltrasonicController|ultrasonic_sensor:US_3
 22. Parameter Settings for User Entity Instance: ultrasonic_controller:UltrasonicController|ultrasonic_sensor:US_4
 23. Parameter Settings for User Entity Instance: ultrasonic_controller:UltrasonicController|ultrasonic_sensor:US_5
 24. Parameter Settings for User Entity Instance: ultrasonic_controller:UltrasonicController|ultrasonic_sensor:US_6
 25. Parameter Settings for User Entity Instance: ultrasonic_controller:UltrasonicController|ultrasonic_sensor:US_7
 26. Port Connectivity Checks: "monitor:Monitor"
 27. Port Connectivity Checks: "spi_slave_controller:SPISlave"
 28. Port Connectivity Checks: "uart_controller:UART0|uart:UART0"
 29. Analysis & Synthesis Messages



----------------
; Legal Notice ;
----------------
Copyright (C) 1991-2014 Altera Corporation. All rights reserved.
Your use of Altera Corporation's design tools, logic functions 
and other software and tools, and its AMPP partner logic 
functions, and any output files from any of the foregoing 
(including device programming or simulation files), and any 
associated documentation or information are expressly subject 
to the terms and conditions of the Altera Program License 
Subscription Agreement, the Altera Quartus II License Agreement,
the Altera MegaCore Function License Agreement, or other 
applicable license agreement, including, without limitation, 
that your use is for the sole purpose of programming logic 
devices manufactured by Altera and sold by Altera or its 
authorized distributors.  Please refer to the applicable 
agreement for further details.



+--------------------------------------------------------------------------+
; Analysis & Synthesis Summary                                             ;
+-----------------------------+--------------------------------------------+
; Analysis & Synthesis Status ; Successful - Wed Mar  4 22:20:08 2015      ;
; Quartus II 64-Bit Version   ; 14.0.0 Build 200 06/17/2014 SJ Web Edition ;
; Revision Name               ; MobilityMSI                                ;
; Top-level Entity Name       ; MobilityMSI                                ;
; Family                      ; MAX V                                      ;
; Total logic elements        ; 42                                         ;
; Total pins                  ; 99                                         ;
; Total virtual pins          ; 0                                          ;
; UFM blocks                  ; 0 / 1 ( 0 % )                              ;
+-----------------------------+--------------------------------------------+


+----------------------------------------------------------------------------------------------------------------------+
; Analysis & Synthesis Settings                                                                                        ;
+----------------------------------------------------------------------------+--------------------+--------------------+
; Option                                                                     ; Setting            ; Default Value      ;
+----------------------------------------------------------------------------+--------------------+--------------------+
; Device                                                                     ; 5M1270ZT144C5      ;                    ;
; Top-level entity name                                                      ; MobilityMSI        ; MobilityMSI        ;
; Family name                                                                ; MAX V              ; Cyclone IV GX      ;
; Use smart compilation                                                      ; Off                ; Off                ;
; Enable parallel Assembler and TimeQuest Timing Analyzer during compilation ; On                 ; On                 ;
; Enable compact report table                                                ; Off                ; Off                ;
; Restructure Multiplexers                                                   ; Auto               ; Auto               ;
; Create Debugging Nodes for IP Cores                                        ; Off                ; Off                ;
; Preserve fewer node names                                                  ; On                 ; On                 ;
; Disable OpenCore Plus hardware evaluation                                  ; Off                ; Off                ;
; Verilog Version                                                            ; Verilog_2001       ; Verilog_2001       ;
; VHDL Version                                                               ; VHDL_1993          ; VHDL_1993          ;
; State Machine Processing                                                   ; Auto               ; Auto               ;
; Safe State Machine                                                         ; Off                ; Off                ;
; Extract Verilog State Machines                                             ; On                 ; On                 ;
; Extract VHDL State Machines                                                ; On                 ; On                 ;
; Ignore Verilog initial constructs                                          ; Off                ; Off                ;
; Iteration limit for constant Verilog loops                                 ; 5000               ; 5000               ;
; Iteration limit for non-constant Verilog loops                             ; 250                ; 250                ;
; Add Pass-Through Logic to Inferred RAMs                                    ; On                 ; On                 ;
; Infer RAMs from Raw Logic                                                  ; On                 ; On                 ;
; Parallel Synthesis                                                         ; On                 ; On                 ;
; NOT Gate Push-Back                                                         ; On                 ; On                 ;
; Power-Up Don't Care                                                        ; On                 ; On                 ;
; Remove Redundant Logic Cells                                               ; Off                ; Off                ;
; Remove Duplicate Registers                                                 ; On                 ; On                 ;
; Ignore CARRY Buffers                                                       ; Off                ; Off                ;
; Ignore CASCADE Buffers                                                     ; Off                ; Off                ;
; Ignore GLOBAL Buffers                                                      ; Off                ; Off                ;
; Ignore ROW GLOBAL Buffers                                                  ; Off                ; Off                ;
; Ignore LCELL Buffers                                                       ; Off                ; Off                ;
; Ignore SOFT Buffers                                                        ; On                 ; On                 ;
; Limit AHDL Integers to 32 Bits                                             ; Off                ; Off                ;
; Optimization Technique                                                     ; Balanced           ; Balanced           ;
; Carry Chain Length                                                         ; 70                 ; 70                 ;
; Auto Carry Chains                                                          ; On                 ; On                 ;
; Auto Open-Drain Pins                                                       ; On                 ; On                 ;
; Perform WYSIWYG Primitive Resynthesis                                      ; Off                ; Off                ;
; Auto Shift Register Replacement                                            ; Auto               ; Auto               ;
; Allow Shift Register Merging across Hierarchies                            ; Auto               ; Auto               ;
; Auto Clock Enable Replacement                                              ; On                 ; On                 ;
; Allow Synchronous Control Signals                                          ; On                 ; On                 ;
; Force Use of Synchronous Clear Signals                                     ; Off                ; Off                ;
; Auto Resource Sharing                                                      ; Off                ; Off                ;
; Use LogicLock Constraints during Resource Balancing                        ; On                 ; On                 ;
; Ignore translate_off and synthesis_off directives                          ; Off                ; Off                ;
; Report Parameter Settings                                                  ; On                 ; On                 ;
; Report Source Assignments                                                  ; On                 ; On                 ;
; Report Connectivity Checks                                                 ; On                 ; On                 ;
; Ignore Maximum Fan-Out Assignments                                         ; Off                ; Off                ;
; Synchronization Register Chain Length                                      ; 2                  ; 2                  ;
; PowerPlay Power Optimization                                               ; Normal compilation ; Normal compilation ;
; HDL message level                                                          ; Level2             ; Level2             ;
; Suppress Register Optimization Related Messages                            ; Off                ; Off                ;
; Number of Removed Registers Reported in Synthesis Report                   ; 5000               ; 5000               ;
; Number of Swept Nodes Reported in Synthesis Report                         ; 5000               ; 5000               ;
; Number of Inverted Registers Reported in Synthesis Report                  ; 100                ; 100                ;
; Clock MUX Protection                                                       ; On                 ; On                 ;
; Block Design Naming                                                        ; Auto               ; Auto               ;
; Synthesis Effort                                                           ; Auto               ; Auto               ;
; Shift Register Replacement - Allow Asynchronous Clear Signal               ; On                 ; On                 ;
; Pre-Mapping Resynthesis Optimization                                       ; Off                ; Off                ;
; Analysis & Synthesis Message Level                                         ; Medium             ; Medium             ;
; Disable Register Merging Across Hierarchies                                ; Auto               ; Auto               ;
; Synthesis Seed                                                             ; 1                  ; 1                  ;
+----------------------------------------------------------------------------+--------------------+--------------------+


Parallel compilation was disabled, but you have multiple processors available. Enable parallel compilation to reduce compilation time.
+-------------------------------------+
; Parallel Compilation                ;
+----------------------------+--------+
; Processors                 ; Number ;
+----------------------------+--------+
; Number detected on machine ; 4      ;
; Maximum allowed            ; 1      ;
+----------------------------+--------+


+-------------------------------------------------------------------------------------------------------------------------------------------------------------------------------------------------+
; Analysis & Synthesis Source Files Read                                                                                                                                                          ;
+----------------------------------+-----------------+-----------------+----------------------------------------------------------------------------------------------------------------+---------+
; File Name with User-Entered Path ; Used in Netlist ; File Type       ; File Name with Absolute Path                                                                                   ; Library ;
+----------------------------------+-----------------+-----------------+----------------------------------------------------------------------------------------------------------------+---------+
; src/MobilityTypesPkg.vhd         ; yes             ; User VHDL File  ; /home/singularity/cloud/git/MSI-URC-2015/subsystems/experimental/mobility/quartus/src/MobilityTypesPkg.vhd     ;         ;
; src/MobilityMSI.vhd              ; yes             ; User VHDL File  ; /home/singularity/cloud/git/MSI-URC-2015/subsystems/experimental/mobility/quartus/src/MobilityMSI.vhd          ;         ;
; src/ultrsnic.vhd                 ; yes             ; User VHDL File  ; /home/singularity/cloud/git/MSI-URC-2015/subsystems/experimental/mobility/quartus/src/ultrsnic.vhd             ;         ;
; src/monitor.vhd                  ; yes             ; User VHDL File  ; /home/singularity/cloud/git/MSI-URC-2015/subsystems/experimental/mobility/quartus/src/monitor.vhd              ;         ;
; src/motor_driver.vhd             ; yes             ; User VHDL File  ; /home/singularity/cloud/git/MSI-URC-2015/subsystems/experimental/mobility/quartus/src/motor_driver.vhd         ;         ;
; src/motor_controller.vhd         ; yes             ; User VHDL File  ; /home/singularity/cloud/git/MSI-URC-2015/subsystems/experimental/mobility/quartus/src/motor_controller.vhd     ;         ;
; src/ultrsnic_controller.vhd      ; yes             ; User VHDL File  ; /home/singularity/cloud/git/MSI-URC-2015/subsystems/experimental/mobility/quartus/src/ultrsnic_controller.vhd  ;         ;
; src/encoder_handler.vhd          ; yes             ; User VHDL File  ; /home/singularity/cloud/git/MSI-URC-2015/subsystems/experimental/mobility/quartus/src/encoder_handler.vhd      ;         ;
; src/encoder.vhd                  ; yes             ; User VHDL File  ; /home/singularity/cloud/git/MSI-URC-2015/subsystems/experimental/mobility/quartus/src/encoder.vhd              ;         ;
; src/spi_slave_controller.vhd     ; yes             ; User VHDL File  ; /home/singularity/cloud/git/MSI-URC-2015/subsystems/experimental/mobility/quartus/src/spi_slave_controller.vhd ;         ;
; src/spi_host_controller.vhd      ; yes             ; User VHDL File  ; /home/singularity/cloud/git/MSI-URC-2015/subsystems/experimental/mobility/quartus/src/spi_host_controller.vhd  ;         ;
; src/i2c_host_controller.vhd      ; yes             ; User VHDL File  ; /home/singularity/cloud/git/MSI-URC-2015/subsystems/experimental/mobility/quartus/src/i2c_host_controller.vhd  ;         ;
; src/i2c_slave_controller.vhd     ; yes             ; User VHDL File  ; /home/singularity/cloud/git/MSI-URC-2015/subsystems/experimental/mobility/quartus/src/i2c_slave_controller.vhd ;         ;
; src/uart_controller.vhd          ; yes             ; User VHDL File  ; /home/singularity/cloud/git/MSI-URC-2015/subsystems/experimental/mobility/quartus/src/uart_controller.vhd      ;         ;
; src/uart.vhd                     ; yes             ; User VHDL File  ; /home/singularity/cloud/git/MSI-URC-2015/subsystems/experimental/mobility/quartus/src/uart.vhd                 ;         ;
+----------------------------------+-----------------+-----------------+----------------------------------------------------------------------------------------------------------------+---------+


+-----------------------------------------------------+
; Analysis & Synthesis Resource Usage Summary         ;
+---------------------------------------------+-------+
; Resource                                    ; Usage ;
+---------------------------------------------+-------+
; Total logic elements                        ; 42    ;
;     -- Combinational with no register       ; 20    ;
;     -- Register only                        ; 9     ;
;     -- Combinational with a register        ; 13    ;
;                                             ;       ;
; Logic element usage by number of LUT inputs ;       ;
;     -- 4 input functions                    ; 8     ;
;     -- 3 input functions                    ; 5     ;
;     -- 2 input functions                    ; 18    ;
;     -- 1 input functions                    ; 2     ;
;     -- 0 input functions                    ; 0     ;
;                                             ;       ;
; Logic elements by mode                      ;       ;
;     -- normal mode                          ; 31    ;
;     -- arithmetic mode                      ; 11    ;
;     -- qfbk mode                            ; 0     ;
;     -- register cascade mode                ; 0     ;
;     -- synchronous clear/load mode          ; 0     ;
;     -- asynchronous clear/load mode         ; 22    ;
;                                             ;       ;
; Total registers                             ; 22    ;
; Total logic cells in carry chains           ; 13    ;
; I/O pins                                    ; 99    ;
; Maximum fan-out node                        ; clk50 ;
; Maximum fan-out                             ; 22    ;
; Total fan-out                               ; 148   ;
; Average fan-out                             ; 1.05  ;
+---------------------------------------------+-------+


+------------------------------------------------------------------------------------------------------------------------------------------------------------------------------------------------------------------------------------------------+
; Analysis & Synthesis Resource Utilization by Entity                                                                                                                                                                                            ;
+----------------------------+-------------+--------------+------------+------+--------------+--------------+-------------------+------------------+-----------------+------------+-----------------------------------------------+--------------+
; Compilation Hierarchy Node ; Logic Cells ; LC Registers ; UFM Blocks ; Pins ; Virtual Pins ; LUT-Only LCs ; Register-Only LCs ; LUT/Register LCs ; Carry Chain LCs ; Packed LCs ; Full Hierarchy Name                           ; Library Name ;
+----------------------------+-------------+--------------+------------+------+--------------+--------------+-------------------+------------------+-----------------+------------+-----------------------------------------------+--------------+
; |MobilityMSI               ; 42 (0)      ; 22           ; 0          ; 99   ; 0            ; 20 (0)       ; 9 (0)             ; 13 (0)           ; 13 (0)          ; 0 (0)      ; |MobilityMSI                                  ; work         ;
;    |uart_controller:UART0| ; 42 (0)      ; 22           ; 0          ; 0    ; 0            ; 20 (0)       ; 9 (0)             ; 13 (0)           ; 13 (0)          ; 0 (0)      ; |MobilityMSI|uart_controller:UART0            ; work         ;
;       |uart:UART0|         ; 42 (42)     ; 22           ; 0          ; 0    ; 0            ; 20 (20)      ; 9 (9)             ; 13 (13)          ; 13 (13)         ; 0 (0)      ; |MobilityMSI|uart_controller:UART0|uart:UART0 ; work         ;
+----------------------------+-------------+--------------+------------+------+--------------+--------------+-------------------+------------------+-----------------+------------+-----------------------------------------------+--------------+
Note: For table entries with two numbers listed, the numbers in parentheses indicate the number of resources of the given type used by the specific entity alone. The numbers listed outside of parentheses indicate the total resources of the given type used by the specific entity and all of its sub-entities in the hierarchy.


+---------------------------------------------------------------------------------------------------------------------------+
; Registers Removed During Synthesis                                                                                        ;
+-------------------------------------------------------------------+-------------------------------------------------------+
; Register name                                                     ; Reason for Removal                                    ;
+-------------------------------------------------------------------+-------------------------------------------------------+
; motor_controller:MotorController|motor_driver:MOTOR_FR|motor[0]   ; Stuck at VCC due to stuck port data_in                ;
; motor_controller:MotorController|motor_driver:MOTOR_FR|motor[2]   ; Stuck at GND due to stuck port data_in                ;
; motor_controller:MotorController|motor_driver:MOTOR_FR|motor[1]   ; Stuck at VCC due to stuck port data_in                ;
; motor_controller:MotorController|motor_driver:MOTOR_MR|motor[0]   ; Stuck at VCC due to stuck port data_in                ;
; motor_controller:MotorController|motor_driver:MOTOR_MR|motor[2]   ; Stuck at GND due to stuck port data_in                ;
; motor_controller:MotorController|motor_driver:MOTOR_MR|motor[1]   ; Stuck at VCC due to stuck port data_in                ;
; motor_controller:MotorController|motor_driver:MOTOR_RR|motor[0]   ; Stuck at VCC due to stuck port data_in                ;
; motor_controller:MotorController|motor_driver:MOTOR_RR|motor[2]   ; Stuck at GND due to stuck port data_in                ;
; motor_controller:MotorController|motor_driver:MOTOR_RR|motor[1]   ; Stuck at VCC due to stuck port data_in                ;
; motor_controller:MotorController|motor_driver:MOTOR_RL|motor[0]   ; Stuck at VCC due to stuck port data_in                ;
; motor_controller:MotorController|motor_driver:MOTOR_RL|motor[2]   ; Stuck at GND due to stuck port data_in                ;
; motor_controller:MotorController|motor_driver:MOTOR_RL|motor[1]   ; Stuck at VCC due to stuck port data_in                ;
; motor_controller:MotorController|motor_driver:MOTOR_ML|motor[0]   ; Stuck at VCC due to stuck port data_in                ;
; motor_controller:MotorController|motor_driver:MOTOR_ML|motor[2]   ; Stuck at GND due to stuck port data_in                ;
; motor_controller:MotorController|motor_driver:MOTOR_ML|motor[1]   ; Stuck at VCC due to stuck port data_in                ;
; motor_controller:MotorController|motor_driver:MOTOR_FL|motor[0]   ; Stuck at VCC due to stuck port data_in                ;
; motor_controller:MotorController|motor_driver:MOTOR_FL|motor[2]   ; Stuck at GND due to stuck port data_in                ;
; motor_controller:MotorController|motor_driver:MOTOR_FL|motor[1]   ; Stuck at VCC due to stuck port data_in                ;
; motor_controller:MotorController|motor_driver:MOTOR_S_FR|motor[0] ; Stuck at VCC due to stuck port data_in                ;
; motor_controller:MotorController|motor_driver:MOTOR_S_FR|motor[2] ; Stuck at GND due to stuck port data_in                ;
; motor_controller:MotorController|motor_driver:MOTOR_S_FR|motor[1] ; Stuck at VCC due to stuck port data_in                ;
; motor_controller:MotorController|motor_driver:MOTOR_S_RR|motor[0] ; Stuck at VCC due to stuck port data_in                ;
; motor_controller:MotorController|motor_driver:MOTOR_S_RR|motor[2] ; Stuck at GND due to stuck port data_in                ;
; motor_controller:MotorController|motor_driver:MOTOR_S_RR|motor[1] ; Stuck at VCC due to stuck port data_in                ;
; motor_controller:MotorController|motor_driver:MOTOR_S_RL|motor[0] ; Stuck at VCC due to stuck port data_in                ;
; motor_controller:MotorController|motor_driver:MOTOR_S_RL|motor[2] ; Stuck at GND due to stuck port data_in                ;
; motor_controller:MotorController|motor_driver:MOTOR_S_RL|motor[1] ; Stuck at VCC due to stuck port data_in                ;
; motor_controller:MotorController|motor_driver:MOTOR_S_FL|motor[0] ; Stuck at VCC due to stuck port data_in                ;
; motor_controller:MotorController|motor_driver:MOTOR_S_FL|motor[2] ; Stuck at GND due to stuck port data_in                ;
; motor_controller:MotorController|motor_driver:MOTOR_S_FL|motor[1] ; Stuck at VCC due to stuck port data_in                ;
; uart_controller:UART0|uart:UART0|TxLat[0..6]                      ; Merged with uart_controller:UART0|uart:UART0|TxLat[7] ;
; uart_controller:UART0|uart:UART0|TxLat[7]                         ; Stuck at VCC due to stuck port clock_enable           ;
; uart_controller:UART0|uart:UART0|TxReg[1..9]                      ; Stuck at VCC due to stuck port data_in                ;
; Total Number of Removed Registers = 47                            ;                                                       ;
+-------------------------------------------------------------------+-------------------------------------------------------+


+-------------------------------------------------------------------------------------------------------------------------+
; Removed Registers Triggering Further Register Optimizations                                                             ;
+-------------------------------------------+--------------------------------+--------------------------------------------+
; Register name                             ; Reason for Removal             ; Registers Removed due to This Register     ;
+-------------------------------------------+--------------------------------+--------------------------------------------+
; uart_controller:UART0|uart:UART0|TxReg[9] ; Stuck at VCC                   ; uart_controller:UART0|uart:UART0|TxReg[8], ;
;                                           ; due to stuck port data_in      ; uart_controller:UART0|uart:UART0|TxReg[7], ;
;                                           ;                                ; uart_controller:UART0|uart:UART0|TxReg[6], ;
;                                           ;                                ; uart_controller:UART0|uart:UART0|TxReg[5], ;
;                                           ;                                ; uart_controller:UART0|uart:UART0|TxReg[4], ;
;                                           ;                                ; uart_controller:UART0|uart:UART0|TxReg[3], ;
;                                           ;                                ; uart_controller:UART0|uart:UART0|TxReg[2]  ;
; uart_controller:UART0|uart:UART0|TxLat[7] ; Stuck at VCC                   ; uart_controller:UART0|uart:UART0|TxReg[1]  ;
;                                           ; due to stuck port clock_enable ;                                            ;
+-------------------------------------------+--------------------------------+--------------------------------------------+


+------------------------------------------------------+
; General Register Statistics                          ;
+----------------------------------------------+-------+
; Statistic                                    ; Value ;
+----------------------------------------------+-------+
; Total registers                              ; 22    ;
; Number of registers using Synchronous Clear  ; 0     ;
; Number of registers using Synchronous Load   ; 0     ;
; Number of registers using Asynchronous Clear ; 22    ;
; Number of registers using Asynchronous Load  ; 0     ;
; Number of registers using Clock Enable       ; 9     ;
; Number of registers using Preset             ; 0     ;
+----------------------------------------------+-------+


+-----------------------------------------------------+
; Inverted Register Statistics                        ;
+-------------------------------------------+---------+
; Inverted Register                         ; Fan out ;
+-------------------------------------------+---------+
; uart_controller:UART0|uart:UART0|TxReg[0] ; 2       ;
; Total number of inverted registers = 1    ;         ;
+-------------------------------------------+---------+


+-------------------------------------------------------------------------------------------------------------------------------------------------------------------------+
; Multiplexer Restructuring Statistics (Restructuring Performed)                                                                                                          ;
+--------------------+-----------+---------------+----------------------+------------------------+------------+-----------------------------------------------------------+
; Multiplexer Inputs ; Bus Width ; Baseline Area ; Area if Restructured ; Saving if Restructured ; Registered ; Example Multiplexer Output                                ;
+--------------------+-----------+---------------+----------------------+------------------------+------------+-----------------------------------------------------------+
; 6:1                ; 4 bits    ; 16 LEs        ; 4 LEs                ; 12 LEs                 ; Yes        ; |MobilityMSI|uart_controller:UART0|uart:UART0|TxBitCnt[3] ;
; 6:1                ; 8 bits    ; 32 LEs        ; 8 LEs                ; 24 LEs                 ; Yes        ; |MobilityMSI|uart_controller:UART0|uart:UART0|TxReg[1]    ;
+--------------------+-----------+---------------+----------------------+------------------------+------------+-----------------------------------------------------------+


+-----------------------------------------------------------------------------+
; Parameter Settings for User Entity Instance: Top-level Entity: |MobilityMSI ;
+----------------+-------+----------------------------------------------------+
; Parameter Name ; Value ; Type                                               ;
+----------------+-------+----------------------------------------------------+
; PROTOCOL       ; '0'   ; Enumerated                                         ;
+----------------+-------+----------------------------------------------------+
Note: In order to hide this table in the UI and the text report file, please set the "Show Parameter Settings in Synthesis Report" option in "Analysis and Synthesis Settings -> More Settings" to "Off".


+--------------------------------------------------------------------+
; Parameter Settings for User Entity Instance: uart_controller:UART0 ;
+----------------+--------+------------------------------------------+
; Parameter Name ; Value  ; Type                                     ;
+----------------+--------+------------------------------------------+
; baud_rate      ; 115200 ; Signed Integer                           ;
+----------------+--------+------------------------------------------+
Note: In order to hide this table in the UI and the text report file, please set the "Show Parameter Settings in Synthesis Report" option in "Analysis and Synthesis Settings -> More Settings" to "Off".


+-------------------------------------------------------------------------------+
; Parameter Settings for User Entity Instance: uart_controller:UART0|uart:UART0 ;
+----------------+-------+------------------------------------------------------+
; Parameter Name ; Value ; Type                                                 ;
+----------------+-------+------------------------------------------------------+
; divisor        ; 26    ; Signed Integer                                       ;
+----------------+-------+------------------------------------------------------+
Note: In order to hide this table in the UI and the text report file, please set the "Show Parameter Settings in Synthesis Report" option in "Analysis and Synthesis Settings -> More Settings" to "Off".


+----------------------------------------------------------------------------+
; Parameter Settings for User Entity Instance: i2c_slave_controller:I2CSlave ;
+----------------+---------+-------------------------------------------------+
; Parameter Name ; Value   ; Type                                            ;
+----------------+---------+-------------------------------------------------+
; slave_addr     ; 0000101 ; Unsigned Binary                                 ;
+----------------+---------+-------------------------------------------------+
Note: In order to hide this table in the UI and the text report file, please set the "Show Parameter Settings in Synthesis Report" option in "Analysis and Synthesis Settings -> More Settings" to "Off".


+-----------------------------------------------------------------------------------------+
; Parameter Settings for User Entity Instance: ultrasonic_controller:UltrasonicController ;
+----------------+-------+----------------------------------------------------------------+
; Parameter Name ; Value ; Type                                                           ;
+----------------+-------+----------------------------------------------------------------+
; sensor_0_ena   ; '1'   ; Enumerated                                                     ;
; sensor_1_ena   ; '1'   ; Enumerated                                                     ;
; sensor_2_ena   ; '1'   ; Enumerated                                                     ;
; sensor_3_ena   ; '1'   ; Enumerated                                                     ;
; sensor_4_ena   ; '1'   ; Enumerated                                                     ;
; sensor_5_ena   ; '1'   ; Enumerated                                                     ;
; sensor_6_ena   ; '1'   ; Enumerated                                                     ;
; sensor_7_ena   ; '1'   ; Enumerated                                                     ;
+----------------+-------+----------------------------------------------------------------+
Note: In order to hide this table in the UI and the text report file, please set the "Show Parameter Settings in Synthesis Report" option in "Analysis and Synthesis Settings -> More Settings" to "Off".


+----------------------------------------------------------------------------------------------------------------+
; Parameter Settings for User Entity Instance: ultrasonic_controller:UltrasonicController|ultrasonic_sensor:US_0 ;
+----------------+-------+---------------------------------------------------------------------------------------+
; Parameter Name ; Value ; Type                                                                                  ;
+----------------+-------+---------------------------------------------------------------------------------------+
; ena            ; '1'   ; Enumerated                                                                            ;
+----------------+-------+---------------------------------------------------------------------------------------+
Note: In order to hide this table in the UI and the text report file, please set the "Show Parameter Settings in Synthesis Report" option in "Analysis and Synthesis Settings -> More Settings" to "Off".


+----------------------------------------------------------------------------------------------------------------+
; Parameter Settings for User Entity Instance: ultrasonic_controller:UltrasonicController|ultrasonic_sensor:US_1 ;
+----------------+-------+---------------------------------------------------------------------------------------+
; Parameter Name ; Value ; Type                                                                                  ;
+----------------+-------+---------------------------------------------------------------------------------------+
; ena            ; '1'   ; Enumerated                                                                            ;
+----------------+-------+---------------------------------------------------------------------------------------+
Note: In order to hide this table in the UI and the text report file, please set the "Show Parameter Settings in Synthesis Report" option in "Analysis and Synthesis Settings -> More Settings" to "Off".


+----------------------------------------------------------------------------------------------------------------+
; Parameter Settings for User Entity Instance: ultrasonic_controller:UltrasonicController|ultrasonic_sensor:US_2 ;
+----------------+-------+---------------------------------------------------------------------------------------+
; Parameter Name ; Value ; Type                                                                                  ;
+----------------+-------+---------------------------------------------------------------------------------------+
; ena            ; '1'   ; Enumerated                                                                            ;
+----------------+-------+---------------------------------------------------------------------------------------+
Note: In order to hide this table in the UI and the text report file, please set the "Show Parameter Settings in Synthesis Report" option in "Analysis and Synthesis Settings -> More Settings" to "Off".


+----------------------------------------------------------------------------------------------------------------+
; Parameter Settings for User Entity Instance: ultrasonic_controller:UltrasonicController|ultrasonic_sensor:US_3 ;
+----------------+-------+---------------------------------------------------------------------------------------+
; Parameter Name ; Value ; Type                                                                                  ;
+----------------+-------+---------------------------------------------------------------------------------------+
; ena            ; '1'   ; Enumerated                                                                            ;
+----------------+-------+---------------------------------------------------------------------------------------+
Note: In order to hide this table in the UI and the text report file, please set the "Show Parameter Settings in Synthesis Report" option in "Analysis and Synthesis Settings -> More Settings" to "Off".


+----------------------------------------------------------------------------------------------------------------+
; Parameter Settings for User Entity Instance: ultrasonic_controller:UltrasonicController|ultrasonic_sensor:US_4 ;
+----------------+-------+---------------------------------------------------------------------------------------+
; Parameter Name ; Value ; Type                                                                                  ;
+----------------+-------+---------------------------------------------------------------------------------------+
; ena            ; '1'   ; Enumerated                                                                            ;
+----------------+-------+---------------------------------------------------------------------------------------+
Note: In order to hide this table in the UI and the text report file, please set the "Show Parameter Settings in Synthesis Report" option in "Analysis and Synthesis Settings -> More Settings" to "Off".


+----------------------------------------------------------------------------------------------------------------+
; Parameter Settings for User Entity Instance: ultrasonic_controller:UltrasonicController|ultrasonic_sensor:US_5 ;
+----------------+-------+---------------------------------------------------------------------------------------+
; Parameter Name ; Value ; Type                                                                                  ;
+----------------+-------+---------------------------------------------------------------------------------------+
; ena            ; '1'   ; Enumerated                                                                            ;
+----------------+-------+---------------------------------------------------------------------------------------+
Note: In order to hide this table in the UI and the text report file, please set the "Show Parameter Settings in Synthesis Report" option in "Analysis and Synthesis Settings -> More Settings" to "Off".


+----------------------------------------------------------------------------------------------------------------+
; Parameter Settings for User Entity Instance: ultrasonic_controller:UltrasonicController|ultrasonic_sensor:US_6 ;
+----------------+-------+---------------------------------------------------------------------------------------+
; Parameter Name ; Value ; Type                                                                                  ;
+----------------+-------+---------------------------------------------------------------------------------------+
; ena            ; '1'   ; Enumerated                                                                            ;
+----------------+-------+---------------------------------------------------------------------------------------+
Note: In order to hide this table in the UI and the text report file, please set the "Show Parameter Settings in Synthesis Report" option in "Analysis and Synthesis Settings -> More Settings" to "Off".


+----------------------------------------------------------------------------------------------------------------+
; Parameter Settings for User Entity Instance: ultrasonic_controller:UltrasonicController|ultrasonic_sensor:US_7 ;
+----------------+-------+---------------------------------------------------------------------------------------+
; Parameter Name ; Value ; Type                                                                                  ;
+----------------+-------+---------------------------------------------------------------------------------------+
; ena            ; '1'   ; Enumerated                                                                            ;
+----------------+-------+---------------------------------------------------------------------------------------+
Note: In order to hide this table in the UI and the text report file, please set the "Show Parameter Settings in Synthesis Report" option in "Analysis and Synthesis Settings -> More Settings" to "Off".


+----------------------------------------------------------------------------------------------------------------------+
; Port Connectivity Checks: "monitor:Monitor"                                                                          ;
+------------+--------+----------+-------------------------------------------------------------------------------------+
; Port       ; Type   ; Severity ; Details                                                                             ;
+------------+--------+----------+-------------------------------------------------------------------------------------+
; err_safety ; Output ; Info     ; Connected to dangling logic. Logic that only feeds a dangling port will be removed. ;
+------------+--------+----------+-------------------------------------------------------------------------------------+


+---------------------------------------------------------------------------------------------------------------------------+
; Port Connectivity Checks: "spi_slave_controller:SPISlave"                                                                 ;
+-----------------+--------+----------+-------------------------------------------------------------------------------------+
; Port            ; Type   ; Severity ; Details                                                                             ;
+-----------------+--------+----------+-------------------------------------------------------------------------------------+
; motor_directive ; Output ; Info     ; Connected to dangling logic. Logic that only feeds a dangling port will be removed. ;
+-----------------+--------+----------+-------------------------------------------------------------------------------------+


+------------------------------------------------------------------------------------------------------------------+
; Port Connectivity Checks: "uart_controller:UART0|uart:UART0"                                                     ;
+--------+--------+----------+-------------------------------------------------------------------------------------+
; Port   ; Type   ; Severity ; Details                                                                             ;
+--------+--------+----------+-------------------------------------------------------------------------------------+
; rxdata ; Output ; Info     ; Connected to dangling logic. Logic that only feeds a dangling port will be removed. ;
; rxen   ; Output ; Info     ; Connected to dangling logic. Logic that only feeds a dangling port will be removed. ;
; txbusy ; Output ; Info     ; Connected to dangling logic. Logic that only feeds a dangling port will be removed. ;
; rxerr  ; Output ; Info     ; Connected to dangling logic. Logic that only feeds a dangling port will be removed. ;
+--------+--------+----------+-------------------------------------------------------------------------------------+


+-------------------------------+
; Analysis & Synthesis Messages ;
+-------------------------------+
Info: *******************************************************************
Info: Running Quartus II 64-Bit Analysis & Synthesis
    Info: Version 14.0.0 Build 200 06/17/2014 SJ Web Edition
    Info: Processing started: Wed Mar  4 22:20:05 2015
Info: Command: quartus_map --read_settings_files=on --write_settings_files=off MobilityMSI -c MobilityMSI
Warning (20028): Parallel compilation is not licensed and has been disabled
Info (12021): Found 1 design units, including 0 entities, in source file src/MobilityTypesPkg.vhd
    Info (12022): Found design unit 1: mobility_types_pkg
Info (12021): Found 2 design units, including 1 entities, in source file src/MobilityMSI.vhd
    Info (12022): Found design unit 1: MobilityMSI-main
    Info (12023): Found entity 1: MobilityMSI
Info (12021): Found 2 design units, including 1 entities, in source file src/ultrsnic.vhd
    Info (12022): Found design unit 1: ultrasonic_sensor-main
    Info (12023): Found entity 1: ultrasonic_sensor
Info (12021): Found 2 design units, including 1 entities, in source file src/monitor.vhd
    Info (12022): Found design unit 1: monitor-mina
    Info (12023): Found entity 1: monitor
Info (12021): Found 2 design units, including 1 entities, in source file src/motor_driver.vhd
    Info (12022): Found design unit 1: motor_driver-main
    Info (12023): Found entity 1: motor_driver
Info (12021): Found 2 design units, including 1 entities, in source file src/motor_controller.vhd
    Info (12022): Found design unit 1: motor_controller-main
    Info (12023): Found entity 1: motor_controller
Info (12021): Found 2 design units, including 1 entities, in source file src/ultrsnic_controller.vhd
    Info (12022): Found design unit 1: ultrasonic_controller-main
    Info (12023): Found entity 1: ultrasonic_controller
Info (12021): Found 2 design units, including 1 entities, in source file src/encoder_handler.vhd
    Info (12022): Found design unit 1: encoder_handler-main
    Info (12023): Found entity 1: encoder_handler
Info (12021): Found 2 design units, including 1 entities, in source file src/encoder.vhd
    Info (12022): Found design unit 1: encoder-main
    Info (12023): Found entity 1: encoder
Info (12021): Found 2 design units, including 1 entities, in source file src/spi_slave_controller.vhd
    Info (12022): Found design unit 1: spi_slave_controller-main
    Info (12023): Found entity 1: spi_slave_controller
Info (12021): Found 2 design units, including 1 entities, in source file src/spi_host_controller.vhd
    Info (12022): Found design unit 1: spi_host_controller-main
    Info (12023): Found entity 1: spi_host_controller
Info (12021): Found 0 design units, including 0 entities, in source file src/spi_slave.vhd
Info (12021): Found 0 design units, including 0 entities, in source file src/spi_host.vhd
Info (12021): Found 0 design units, including 0 entities, in source file src/i2c_slave.vhd
Info (12021): Found 0 design units, including 0 entities, in source file src/i2c_host.vhd
Info (12021): Found 2 design units, including 1 entities, in source file src/i2c_host_controller.vhd
    Info (12022): Found design unit 1: i2c_host_controller-main
    Info (12023): Found entity 1: i2c_host_controller
Info (12021): Found 2 design units, including 1 entities, in source file src/i2c_slave_controller.vhd
    Info (12022): Found design unit 1: i2c_slave_controller-main
    Info (12023): Found entity 1: i2c_slave_controller
Info (12021): Found 2 design units, including 1 entities, in source file src/uart_controller.vhd
    Info (12022): Found design unit 1: uart_controller-main
    Info (12023): Found entity 1: uart_controller
Info (12021): Found 2 design units, including 1 entities, in source file src/uart.vhd
    Info (12022): Found design unit 1: uart-main
    Info (12023): Found entity 1: uart
Info (12127): Elaborating entity "MobilityMSI" for the top level hierarchy
Warning (10541): VHDL Signal Declaration warning at MobilityMSI.vhd(64): used implicit default value for signal "err_safety" because signal was never assigned a value or an explicit default value. Use of implicit default value may introduce unintended design optimizations.
Info (12128): Elaborating entity "uart_controller" for hierarchy "uart_controller:UART0"
Warning (10541): VHDL Signal Declaration warning at uart_controller.vhd(13): used implicit default value for signal "err" because signal was never assigned a value or an explicit default value. Use of implicit default value may introduce unintended design optimizations.
Warning (10036): Verilog HDL or VHDL warning at uart_controller.vhd(27): object "rx_data" assigned a value but never read
Warning (10036): Verilog HDL or VHDL warning at uart_controller.vhd(28): object "rx_en" assigned a value but never read
Warning (10541): VHDL Signal Declaration warning at uart_controller.vhd(29): used implicit default value for signal "tx_data" because signal was never assigned a value or an explicit default value. Use of implicit default value may introduce unintended design optimizations.
Warning (10541): VHDL Signal Declaration warning at uart_controller.vhd(30): used implicit default value for signal "tx_en" because signal was never assigned a value or an explicit default value. Use of implicit default value may introduce unintended design optimizations.
Warning (10036): Verilog HDL or VHDL warning at uart_controller.vhd(31): object "tx_busy" assigned a value but never read
Warning (10036): Verilog HDL or VHDL warning at uart_controller.vhd(32): object "rx_err" assigned a value but never read
Info (12128): Elaborating entity "uart" for hierarchy "uart_controller:UART0|uart:UART0"
Info (12128): Elaborating entity "i2c_host_controller" for hierarchy "i2c_host_controller:I2CHost"
Warning (10541): VHDL Signal Declaration warning at i2c_host_controller.vhd(11): used implicit default value for signal "err" because signal was never assigned a value or an explicit default value. Use of implicit default value may introduce unintended design optimizations.
Warning (10541): VHDL Signal Declaration warning at i2c_host_controller.vhd(13): used implicit default value for signal "scl" because signal was never assigned a value or an explicit default value. Use of implicit default value may introduce unintended design optimizations.
Info (12128): Elaborating entity "i2c_slave_controller" for hierarchy "i2c_slave_controller:I2CSlave"
Warning (10541): VHDL Signal Declaration warning at i2c_slave_controller.vhd(14): used implicit default value for signal "err" because signal was never assigned a value or an explicit default value. Use of implicit default value may introduce unintended design optimizations.
Warning (10541): VHDL Signal Declaration warning at i2c_slave_controller.vhd(19): used implicit default value for signal "motor_directive" because signal was never assigned a value or an explicit default value. Use of implicit default value may introduce unintended design optimizations.
Warning (10541): VHDL Signal Declaration warning at i2c_slave_controller.vhd(25): used implicit default value for signal "enc_velocity_rst" because signal was never assigned a value or an explicit default value. Use of implicit default value may introduce unintended design optimizations.
Info (12128): Elaborating entity "spi_host_controller" for hierarchy "spi_host_controller:SPIHost"
Warning (10541): VHDL Signal Declaration warning at spi_host_controller.vhd(11): used implicit default value for signal "err" because signal was never assigned a value or an explicit default value. Use of implicit default value may introduce unintended design optimizations.
Warning (10541): VHDL Signal Declaration warning at spi_host_controller.vhd(14): used implicit default value for signal "mosi" because signal was never assigned a value or an explicit default value. Use of implicit default value may introduce unintended design optimizations.
Warning (10541): VHDL Signal Declaration warning at spi_host_controller.vhd(15): used implicit default value for signal "sclk" because signal was never assigned a value or an explicit default value. Use of implicit default value may introduce unintended design optimizations.
Warning (10541): VHDL Signal Declaration warning at spi_host_controller.vhd(16): used implicit default value for signal "ss_n" because signal was never assigned a value or an explicit default value. Use of implicit default value may introduce unintended design optimizations.
Warning (10541): VHDL Signal Declaration warning at spi_host_controller.vhd(18): used implicit default value for signal "current_sense" because signal was never assigned a value or an explicit default value. Use of implicit default value may introduce unintended design optimizations.
Warning (10541): VHDL Signal Declaration warning at spi_host_controller.vhd(19): used implicit default value for signal "pot_angles" because signal was never assigned a value or an explicit default value. Use of implicit default value may introduce unintended design optimizations.
Info (12128): Elaborating entity "spi_slave_controller" for hierarchy "spi_slave_controller:SPISlave"
Warning (10541): VHDL Signal Declaration warning at spi_slave_controller.vhd(11): used implicit default value for signal "err" because signal was never assigned a value or an explicit default value. Use of implicit default value may introduce unintended design optimizations.
Warning (10541): VHDL Signal Declaration warning at spi_slave_controller.vhd(13): used implicit default value for signal "miso" because signal was never assigned a value or an explicit default value. Use of implicit default value may introduce unintended design optimizations.
Warning (10541): VHDL Signal Declaration warning at spi_slave_controller.vhd(18): used implicit default value for signal "motor_directive" because signal was never assigned a value or an explicit default value. Use of implicit default value may introduce unintended design optimizations.
Warning (10541): VHDL Signal Declaration warning at spi_slave_controller.vhd(24): used implicit default value for signal "enc_velocity_rst" because signal was never assigned a value or an explicit default value. Use of implicit default value may introduce unintended design optimizations.
Info (12128): Elaborating entity "ultrasonic_controller" for hierarchy "ultrasonic_controller:UltrasonicController"
Info (12128): Elaborating entity "ultrasonic_sensor" for hierarchy "ultrasonic_controller:UltrasonicController|ultrasonic_sensor:US_0"
Warning (10541): VHDL Signal Declaration warning at ultrsnic.vhd(14): used implicit default value for signal "err" because signal was never assigned a value or an explicit default value. Use of implicit default value may introduce unintended design optimizations.
Warning (10541): VHDL Signal Declaration warning at ultrsnic.vhd(16): used implicit default value for signal "trig" because signal was never assigned a value or an explicit default value. Use of implicit default value may introduce unintended design optimizations.
Warning (10541): VHDL Signal Declaration warning at ultrsnic.vhd(19): used implicit default value for signal "dist" because signal was never assigned a value or an explicit default value. Use of implicit default value may introduce unintended design optimizations.
Info (12128): Elaborating entity "motor_controller" for hierarchy "motor_controller:MotorController"
Info (12128): Elaborating entity "motor_driver" for hierarchy "motor_controller:MotorController|motor_driver:MOTOR_S_FL"
Info (12128): Elaborating entity "encoder_handler" for hierarchy "encoder_handler:EncoderHandler"
Info (12128): Elaborating entity "encoder" for hierarchy "encoder_handler:EncoderHandler|encoder:ENC_0"
Warning (10541): VHDL Signal Declaration warning at encoder.vhd(13): used implicit default value for signal "velocity" because signal was never assigned a value or an explicit default value. Use of implicit default value may introduce unintended design optimizations.
Info (12128): Elaborating entity "monitor" for hierarchy "monitor:Monitor"
Warning (10541): VHDL Signal Declaration warning at monitor.vhd(10): used implicit default value for signal "status" because signal was never assigned a value or an explicit default value. Use of implicit default value may introduce unintended design optimizations.
Warning (10541): VHDL Signal Declaration warning at monitor.vhd(17): used implicit default value for signal "err_safety" because signal was never assigned a value or an explicit default value. Use of implicit default value may introduce unintended design optimizations.
Warning (13039): The following bidir pins have no drivers
    Warning (13040): Bidir "sda_host" has no driver
    Warning (13040): Bidir "sda_slave" has no driver
Warning (13024): Output pins are stuck at VCC or GND
    Warning (13410): Pin "status[0]" is stuck at GND
    Warning (13410): Pin "status[1]" is stuck at GND
    Warning (13410): Pin "status[2]" is stuck at GND
    Warning (13410): Pin "status[3]" is stuck at GND
    Warning (13410): Pin "status[4]" is stuck at GND
    Warning (13410): Pin "status[5]" is stuck at GND
    Warning (13410): Pin "status[6]" is stuck at GND
    Warning (13410): Pin "status[7]" is stuck at GND
    Warning (13410): Pin "scl_host" is stuck at GND
    Warning (13410): Pin "mosi_host" is stuck at GND
    Warning (13410): Pin "sclk_host" is stuck at GND
    Warning (13410): Pin "ss_n_host[0]" is stuck at GND
    Warning (13410): Pin "ss_n_host[1]" is stuck at GND
    Warning (13410): Pin "ss_n_host[2]" is stuck at GND
    Warning (13410): Pin "ss_n_host[3]" is stuck at GND
    Warning (13410): Pin "ss_n_host[4]" is stuck at GND
    Warning (13410): Pin "ss_n_host[5]" is stuck at GND
    Warning (13410): Pin "ss_n_host[6]" is stuck at GND
    Warning (13410): Pin "ss_n_host[7]" is stuck at GND
    Warning (13410): Pin "miso_slave" is stuck at GND
    Warning (13410): Pin "motors[9][0]" is stuck at VCC
    Warning (13410): Pin "motors[9][1]" is stuck at VCC
    Warning (13410): Pin "motors[9][2]" is stuck at GND
    Warning (13410): Pin "motors[8][0]" is stuck at VCC
    Warning (13410): Pin "motors[8][1]" is stuck at VCC
    Warning (13410): Pin "motors[8][2]" is stuck at GND
    Warning (13410): Pin "motors[7][0]" is stuck at VCC
    Warning (13410): Pin "motors[7][1]" is stuck at VCC
    Warning (13410): Pin "motors[7][2]" is stuck at GND
    Warning (13410): Pin "motors[6][0]" is stuck at VCC
    Warning (13410): Pin "motors[6][1]" is stuck at VCC
    Warning (13410): Pin "motors[6][2]" is stuck at GND
    Warning (13410): Pin "motors[5][0]" is stuck at VCC
    Warning (13410): Pin "motors[5][1]" is stuck at VCC
    Warning (13410): Pin "motors[5][2]" is stuck at GND
    Warning (13410): Pin "motors[4][0]" is stuck at VCC
    Warning (13410): Pin "motors[4][1]" is stuck at VCC
    Warning (13410): Pin "motors[4][2]" is stuck at GND
    Warning (13410): Pin "motors[3][0]" is stuck at VCC
    Warning (13410): Pin "motors[3][1]" is stuck at VCC
    Warning (13410): Pin "motors[3][2]" is stuck at GND
    Warning (13410): Pin "motors[2][0]" is stuck at VCC
    Warning (13410): Pin "motors[2][1]" is stuck at VCC
    Warning (13410): Pin "motors[2][2]" is stuck at GND
    Warning (13410): Pin "motors[1][0]" is stuck at VCC
    Warning (13410): Pin "motors[1][1]" is stuck at VCC
    Warning (13410): Pin "motors[1][2]" is stuck at GND
    Warning (13410): Pin "motors[0][0]" is stuck at VCC
    Warning (13410): Pin "motors[0][1]" is stuck at VCC
    Warning (13410): Pin "motors[0][2]" is stuck at GND
    Warning (13410): Pin "ultrsnic_trig[0]" is stuck at GND
    Warning (13410): Pin "ultrsnic_trig[1]" is stuck at GND
    Warning (13410): Pin "ultrsnic_trig[2]" is stuck at GND
    Warning (13410): Pin "ultrsnic_trig[3]" is stuck at GND
    Warning (13410): Pin "ultrsnic_trig[4]" is stuck at GND
    Warning (13410): Pin "ultrsnic_trig[5]" is stuck at GND
    Warning (13410): Pin "ultrsnic_trig[6]" is stuck at GND
    Warning (13410): Pin "ultrsnic_trig[7]" is stuck at GND
Info (18000): Registers with preset signals will power-up high
Warning (21074): Design contains 36 input pin(s) that do not drive logic
    Warning (15610): No output dependent on input pin "clk0_001"
    Warning (15610): No output dependent on input pin "lock"
    Warning (15610): No output dependent on input pin "scl_slave"
    Warning (15610): No output dependent on input pin "miso_host"
    Warning (15610): No output dependent on input pin "mosi_slave"
    Warning (15610): No output dependent on input pin "sclk_slave"
    Warning (15610): No output dependent on input pin "ss_n_slave"
    Warning (15610): No output dependent on input pin "uart_rx"
    Warning (15610): No output dependent on input pin "encoders[9][0]"
    Warning (15610): No output dependent on input pin "encoders[9][1]"
    Warning (15610): No output dependent on input pin "encoders[8][0]"
    Warning (15610): No output dependent on input pin "encoders[8][1]"
    Warning (15610): No output dependent on input pin "encoders[7][0]"
    Warning (15610): No output dependent on input pin "encoders[7][1]"
    Warning (15610): No output dependent on input pin "encoders[6][0]"
    Warning (15610): No output dependent on input pin "encoders[6][1]"
    Warning (15610): No output dependent on input pin "encoders[5][0]"
    Warning (15610): No output dependent on input pin "encoders[5][1]"
    Warning (15610): No output dependent on input pin "encoders[4][0]"
    Warning (15610): No output dependent on input pin "encoders[4][1]"
    Warning (15610): No output dependent on input pin "encoders[3][0]"
    Warning (15610): No output dependent on input pin "encoders[3][1]"
    Warning (15610): No output dependent on input pin "encoders[2][0]"
    Warning (15610): No output dependent on input pin "encoders[2][1]"
    Warning (15610): No output dependent on input pin "encoders[1][0]"
    Warning (15610): No output dependent on input pin "encoders[1][1]"
    Warning (15610): No output dependent on input pin "encoders[0][0]"
    Warning (15610): No output dependent on input pin "encoders[0][1]"
    Warning (15610): No output dependent on input pin "ultrsnic_echo[0]"
    Warning (15610): No output dependent on input pin "ultrsnic_echo[1]"
    Warning (15610): No output dependent on input pin "ultrsnic_echo[2]"
    Warning (15610): No output dependent on input pin "ultrsnic_echo[3]"
    Warning (15610): No output dependent on input pin "ultrsnic_echo[4]"
    Warning (15610): No output dependent on input pin "ultrsnic_echo[5]"
    Warning (15610): No output dependent on input pin "ultrsnic_echo[6]"
    Warning (15610): No output dependent on input pin "ultrsnic_echo[7]"
Info (21057): Implemented 141 device resources after synthesis - the final resource count might be different
    Info (21058): Implemented 38 input pins
    Info (21059): Implemented 59 output pins
    Info (21060): Implemented 2 bidirectional pins
    Info (21061): Implemented 42 logic cells
Info: Quartus II 64-Bit Analysis & Synthesis was successful. 0 errors, 129 warnings
    Info: Peak virtual memory: 790 megabytes
    Info: Processing ended: Wed Mar  4 22:20:08 2015
    Info: Elapsed time: 00:00:03
    Info: Total CPU time (on all processors): 00:00:03


